src/pages/Landing.tsx(1,8): error TS6133: 'React' is declared but its value is never read.
src/pages/Landing.tsx(4,27): error TS6133: 'Filter' is declared but its value is never read.
src/pages/Landing.tsx(4,35): error TS6133: 'ListChecks' is declared but its value is never read.
src/pages/Landing.tsx(4,47): error TS6133: 'Users' is declared but its value is never read.
src/pages/Landing.tsx(4,67): error TS6133: 'Calendar' is declared but its value is never read.
